2026-07-28T06:50:16.132858Z  INFO herdr::api::server: api server listening path=/home/joy/.config/herdr/herdr.sock
2026-07-28T06:50:16.134975Z  INFO herdr::app: using pane scrollback configuration pane_scrollback_limit_bytes=10000000
2026-07-28T06:50:16.161803Z  INFO herdr::logging: checking for updates event="update.check.start" subsystem="update" outcome="started"
2026-07-28T06:50:16.162797Z  INFO herdr::logging: spawning pane terminal event="pane.spawn.start" subsystem="pane" outcome="started" pane_id=1 rows=24 cols=80 scrollback_limit_bytes=10000000
2026-07-28T06:50:16.163316Z  INFO herdr::logging: pane child spawned event="pane.spawned" subsystem="pane" outcome="ok" pane_id=1 pid=30176
2026-07-28T06:50:16.163406Z  INFO herdr::logging: workspace created event="workspace.create" subsystem="workspace" outcome="ok" workspace_id="w1" pane_id=1
2026-07-28T06:50:16.163409Z  INFO herdr::logging: workspace focused event="workspace.focus" subsystem="workspace" outcome="ok" workspace_id="w1"
2026-07-28T06:50:16.163414Z  INFO herdr::logging: tab focused event="tab.focus" subsystem="tab" outcome="ok" workspace_id="w1" tab_id="w1:t1"
2026-07-28T06:50:16.163418Z  INFO herdr::server::headless: created startup workspace cwd=/home/joy/yay
2026-07-28T06:50:16.163448Z  INFO herdr::server::headless: client protocol socket listening path=/home/joy/.config/herdr/herdr-client.sock
2026-07-28T06:50:16.163462Z  INFO herdr::server::headless: herdr server started api_socket=/home/joy/.config/herdr/herdr.sock client_socket=/home/joy/.config/herdr/herdr-client.sock
2026-07-28T06:50:16.163558Z  INFO herdr::logging: herdr starting event="app.startup" subsystem="server" outcome="started" pid=30156
2026-07-28T06:50:16.181958Z  INFO herdr::server::headless: client connected client_id=2 cols=119 rows=51 cell_width_px=0 cell_height_px=0 render_encoding=SemanticFrame
2026-07-28T06:50:21.165435Z  INFO herdr::logging: session saved event="persist.save" subsystem="persist" outcome="ok" path=/home/joy/.config/herdr/session.json workspaces=1
2026-07-28T06:50:24.584651Z  INFO herdr::logging: spawning pane terminal event="pane.spawn.start" subsystem="pane" outcome="started" pane_id=2 rows=50 cols=93 scrollback_limit_bytes=10000000
2026-07-28T06:50:24.587025Z  INFO herdr::logging: pane child spawned event="pane.spawned" subsystem="pane" outcome="ok" pane_id=2 pid=30282
2026-07-28T06:50:24.587432Z  INFO herdr::logging: tab focused event="tab.focus" subsystem="tab" outcome="ok" workspace_id="w1" tab_id="w1:t2"
2026-07-28T06:50:26.045341Z  INFO herdr::logging: tab focused event="tab.focus" subsystem="tab" outcome="ok" workspace_id="w1" tab_id="w1:t2"
2026-07-28T06:50:27.824610Z  INFO herdr::logging: pane child exited event="pane.exit" subsystem="pane" outcome="completed" pane_id=2 status="ExitStatus { code: 0, signal: None }"
2026-07-28T06:50:27.827591Z  INFO herdr::pane: pane session terminated pane=2 pid=30282 signal=Hangup
2026-07-28T06:50:28.196172Z  INFO herdr::logging: pane child exited event="pane.exit" subsystem="pane" outcome="completed" pane_id=1 status="ExitStatus { code: 0, signal: None }"
2026-07-28T06:50:28.199453Z  INFO herdr::pane: pane session terminated pane=1 pid=30176 signal=Hangup
2026-07-28T06:50:28.227793Z  INFO herdr::logging: spawning pane terminal event="pane.spawn.start" subsystem="pane" outcome="started" pane_id=3 rows=50 cols=93 scrollback_limit_bytes=10000000
2026-07-28T06:50:28.229795Z  INFO herdr::logging: pane child spawned event="pane.spawned" subsystem="pane" outcome="ok" pane_id=3 pid=30301
2026-07-28T06:50:28.230085Z  INFO herdr::logging: workspace created event="workspace.create" subsystem="workspace" outcome="ok" workspace_id="w2" pane_id=3
2026-07-28T06:50:28.230095Z  INFO herdr::logging: workspace focused event="workspace.focus" subsystem="workspace" outcome="ok" workspace_id="w2"
2026-07-28T06:50:28.230203Z  INFO herdr::logging: tab focused event="tab.focus" subsystem="tab" outcome="ok" workspace_id="w2" tab_id="w2:t1"
2026-07-28T06:50:29.080240Z  INFO herdr::logging: pane child exited event="pane.exit" subsystem="pane" outcome="completed" pane_id=3 status="ExitStatus { code: 0, signal: None }"
2026-07-28T06:50:29.083409Z  INFO herdr::pane: pane session terminated pane=3 pid=30301 signal=Hangup
2026-07-28T06:50:29.083453Z  INFO herdr::logging: spawning pane terminal event="pane.spawn.start" subsystem="pane" outcome="started" pane_id=4 rows=50 cols=93 scrollback_limit_bytes=10000000
2026-07-28T06:50:29.084455Z  INFO herdr::logging: pane child spawned event="pane.spawned" subsystem="pane" outcome="ok" pane_id=4 pid=30310
2026-07-28T06:50:29.084788Z  INFO herdr::logging: workspace created event="workspace.create" subsystem="workspace" outcome="ok" workspace_id="w3" pane_id=4
2026-07-28T06:50:29.084802Z  INFO herdr::logging: workspace focused event="workspace.focus" subsystem="workspace" outcome="ok" workspace_id="w3"
2026-07-28T06:50:29.084911Z  INFO herdr::logging: tab focused event="tab.focus" subsystem="tab" outcome="ok" workspace_id="w3" tab_id="w3:t1"
2026-07-28T06:50:34.086429Z  INFO herdr::logging: session saved event="persist.save" subsystem="persist" outcome="ok" path=/home/joy/.config/herdr/session.json workspaces=1
2026-07-28T06:51:08.323277Z  INFO herdr::logging: pane child exited event="pane.exit" subsystem="pane" outcome="completed" pane_id=4 status="ExitStatus { code: 0, signal: None }"
2026-07-28T06:51:08.323569Z  INFO herdr::pane: pane session terminated pane=4 pid=30310 signal=Hangup
2026-07-28T06:51:08.324029Z  INFO herdr::logging: spawning pane terminal event="pane.spawn.start" subsystem="pane" outcome="started" pane_id=5 rows=50 cols=93 scrollback_limit_bytes=10000000
2026-07-28T06:51:08.326199Z  INFO herdr::logging: pane child spawned event="pane.spawned" subsystem="pane" outcome="ok" pane_id=5 pid=30440
2026-07-28T06:51:08.326515Z  INFO herdr::logging: workspace created event="workspace.create" subsystem="workspace" outcome="ok" workspace_id="w4" pane_id=5
2026-07-28T06:51:08.326527Z  INFO herdr::logging: workspace focused event="workspace.focus" subsystem="workspace" outcome="ok" workspace_id="w4"
2026-07-28T06:51:08.326641Z  INFO herdr::logging: tab focused event="tab.focus" subsystem="tab" outcome="ok" workspace_id="w4" tab_id="w4:t1"
2026-07-28T06:51:11.482131Z  INFO herdr::logging: pane child exited event="pane.exit" subsystem="pane" outcome="completed" pane_id=5 status="ExitStatus { code: 0, signal: None }"
2026-07-28T06:51:11.482241Z  INFO herdr::pane: pane session terminated pane=5 pid=30440 signal=Hangup
2026-07-28T06:51:11.482735Z  INFO herdr::logging: spawning pane terminal event="pane.spawn.start" subsystem="pane" outcome="started" pane_id=6 rows=50 cols=93 scrollback_limit_bytes=10000000
2026-07-28T06:51:11.484748Z  INFO herdr::logging: pane child spawned event="pane.spawned" subsystem="pane" outcome="ok" pane_id=6 pid=30462
2026-07-28T06:51:11.485045Z  INFO herdr::logging: workspace created event="workspace.create" subsystem="workspace" outcome="ok" workspace_id="w5" pane_id=6
2026-07-28T06:51:11.485057Z  INFO herdr::logging: workspace focused event="workspace.focus" subsystem="workspace" outcome="ok" workspace_id="w5"
2026-07-28T06:51:11.485172Z  INFO herdr::logging: tab focused event="tab.focus" subsystem="tab" outcome="ok" workspace_id="w5" tab_id="w5:t1"
2026-07-28T06:51:12.532212Z  INFO herdr::logging: pane child exited event="pane.exit" subsystem="pane" outcome="completed" pane_id=6 status="ExitStatus { code: 0, signal: None }"
2026-07-28T06:51:12.535544Z  INFO herdr::pane: pane session terminated pane=6 pid=30462 signal=Hangup
2026-07-28T06:51:12.535591Z  INFO herdr::logging: spawning pane terminal event="pane.spawn.start" subsystem="pane" outcome="started" pane_id=7 rows=50 cols=93 scrollback_limit_bytes=10000000
2026-07-28T06:51:12.536277Z  INFO herdr::logging: pane child spawned event="pane.spawned" subsystem="pane" outcome="ok" pane_id=7 pid=30471
2026-07-28T06:51:12.536472Z  INFO herdr::logging: workspace created event="workspace.create" subsystem="workspace" outcome="ok" workspace_id="w6" pane_id=7
2026-07-28T06:51:12.536485Z  INFO herdr::logging: workspace focused event="workspace.focus" subsystem="workspace" outcome="ok" workspace_id="w6"
2026-07-28T06:51:12.536599Z  INFO herdr::logging: tab focused event="tab.focus" subsystem="tab" outcome="ok" workspace_id="w6" tab_id="w6:t1"
2026-07-28T06:51:12.712227Z  INFO herdr::logging: pane child exited event="pane.exit" subsystem="pane" outcome="completed" pane_id=7 status="ExitStatus { code: 0, signal: None }"
2026-07-28T06:51:12.715390Z  INFO herdr::pane: pane session terminated pane=7 pid=30471 signal=Hangup
2026-07-28T06:51:12.715421Z  INFO herdr::logging: spawning pane terminal event="pane.spawn.start" subsystem="pane" outcome="started" pane_id=8 rows=50 cols=93 scrollback_limit_bytes=10000000
2026-07-28T06:51:12.716103Z  INFO herdr::logging: pane child spawned event="pane.spawned" subsystem="pane" outcome="ok" pane_id=8 pid=30477
2026-07-28T06:51:12.716300Z  INFO herdr::logging: workspace created event="workspace.create" subsystem="workspace" outcome="ok" workspace_id="w7" pane_id=8
2026-07-28T06:51:12.716310Z  INFO herdr::logging: workspace focused event="workspace.focus" subsystem="workspace" outcome="ok" workspace_id="w7"
2026-07-28T06:51:12.716421Z  INFO herdr::logging: tab focused event="tab.focus" subsystem="tab" outcome="ok" workspace_id="w7" tab_id="w7:t1"
2026-07-28T06:51:12.883119Z  INFO herdr::logging: pane child exited event="pane.exit" subsystem="pane" outcome="completed" pane_id=8 status="ExitStatus { code: 0, signal: None }"
2026-07-28T06:51:12.885892Z  INFO herdr::pane: pane session terminated pane=8 pid=30477 signal=Hangup
2026-07-28T06:51:12.885939Z  INFO herdr::logging: spawning pane terminal event="pane.spawn.start" subsystem="pane" outcome="started" pane_id=9 rows=50 cols=93 scrollback_limit_bytes=10000000
2026-07-28T06:51:12.886434Z  INFO herdr::logging: pane child spawned event="pane.spawned" subsystem="pane" outcome="ok" pane_id=9 pid=30483
2026-07-28T06:51:12.886512Z  INFO herdr::logging: workspace created event="workspace.create" subsystem="workspace" outcome="ok" workspace_id="w8" pane_id=9
2026-07-28T06:51:12.886514Z  INFO herdr::logging: workspace focused event="workspace.focus" subsystem="workspace" outcome="ok" workspace_id="w8"
2026-07-28T06:51:12.886534Z  INFO herdr::logging: tab focused event="tab.focus" subsystem="tab" outcome="ok" workspace_id="w8" tab_id="w8:t1"
2026-07-28T06:51:13.080113Z  INFO herdr::logging: pane child exited event="pane.exit" subsystem="pane" outcome="completed" pane_id=9 status="ExitStatus { code: 0, signal: None }"
2026-07-28T06:51:13.083554Z  INFO herdr::pane: pane session terminated pane=9 pid=30483 signal=Hangup
2026-07-28T06:51:13.083590Z  INFO herdr::logging: spawning pane terminal event="pane.spawn.start" subsystem="pane" outcome="started" pane_id=10 rows=50 cols=93 scrollback_limit_bytes=10000000
2026-07-28T06:51:13.084245Z  INFO herdr::logging: pane child spawned event="pane.spawned" subsystem="pane" outcome="ok" pane_id=10 pid=30490
2026-07-28T06:51:13.084321Z  INFO herdr::logging: workspace created event="workspace.create" subsystem="workspace" outcome="ok" workspace_id="w9" pane_id=10
2026-07-28T06:51:13.084325Z  INFO herdr::logging: workspace focused event="workspace.focus" subsystem="workspace" outcome="ok" workspace_id="w9"
2026-07-28T06:51:13.084425Z  INFO herdr::logging: tab focused event="tab.focus" subsystem="tab" outcome="ok" workspace_id="w9" tab_id="w9:t1"
2026-07-28T06:51:13.264193Z  INFO herdr::logging: pane child exited event="pane.exit" subsystem="pane" outcome="completed" pane_id=10 status="ExitStatus { code: 0, signal: None }"
2026-07-28T06:51:13.267491Z  INFO herdr::pane: pane session terminated pane=10 pid=30490 signal=Hangup
2026-07-28T06:51:13.267537Z  INFO herdr::logging: spawning pane terminal event="pane.spawn.start" subsystem="pane" outcome="started" pane_id=11 rows=50 cols=93 scrollback_limit_bytes=10000000
2026-07-28T06:51:13.268182Z  INFO herdr::logging: pane child spawned event="pane.spawned" subsystem="pane" outcome="ok" pane_id=11 pid=30498
2026-07-28T06:51:13.268255Z  INFO herdr::logging: workspace created event="workspace.create" subsystem="workspace" outcome="ok" workspace_id="wA" pane_id=11
2026-07-28T06:51:13.268263Z  INFO herdr::logging: workspace focused event="workspace.focus" subsystem="workspace" outcome="ok" workspace_id="wA"
2026-07-28T06:51:13.268283Z  INFO herdr::logging: tab focused event="tab.focus" subsystem="tab" outcome="ok" workspace_id="wA" tab_id="wA:t1"
2026-07-28T06:51:13.418246Z  INFO herdr::logging: pane child exited event="pane.exit" subsystem="pane" outcome="completed" pane_id=11 status="ExitStatus { code: 0, signal: None }"
2026-07-28T06:51:13.421783Z  INFO herdr::pane: pane session terminated pane=11 pid=30498 signal=Hangup
2026-07-28T06:51:13.421817Z  INFO herdr::logging: spawning pane terminal event="pane.spawn.start" subsystem="pane" outcome="started" pane_id=12 rows=50 cols=93 scrollback_limit_bytes=10000000
2026-07-28T06:51:13.422461Z  INFO herdr::logging: pane child spawned event="pane.spawned" subsystem="pane" outcome="ok" pane_id=12 pid=30506
2026-07-28T06:51:13.422537Z  INFO herdr::logging: workspace created event="workspace.create" subsystem="workspace" outcome="ok" workspace_id="wB" pane_id=12
2026-07-28T06:51:13.422539Z  INFO herdr::logging: workspace focused event="workspace.focus" subsystem="workspace" outcome="ok" workspace_id="wB"
2026-07-28T06:51:13.422560Z  INFO herdr::logging: tab focused event="tab.focus" subsystem="tab" outcome="ok" workspace_id="wB" tab_id="wB:t1"
2026-07-28T06:51:18.424879Z  INFO herdr::logging: session saved event="persist.save" subsystem="persist" outcome="ok" path=/home/joy/.config/herdr/session.json workspaces=1
2026-07-28T06:51:40.136422Z  INFO herdr::server::headless: client detach requested via keybind client_id=2
2026-07-28T06:51:40.140680Z  INFO herdr::server::headless: client disconnected client_id=2
